C:\Users\Admin\Downloads\hotelbooking\hotelbooking\src\main\java\com\example\hotelbooking\controller\WelcomeController.java
C:\Users\Admin\Downloads\hotelbooking\hotelbooking\src\main\java\com\example\hotelbooking\HotelbookingApplication.java
C:\Users\Admin\Downloads\hotelbooking\hotelbooking\src\main\java\com\example\hotelbooking\service\UserService.java
C:\Users\Admin\Downloads\hotelbooking\hotelbooking\src\main\java\com\example\hotelbooking\model\Room.java
C:\Users\Admin\Downloads\hotelbooking\hotelbooking\src\main\java\com\example\hotelbooking\model\Booking.java
C:\Users\Admin\Downloads\hotelbooking\hotelbooking\src\main\java\com\example\hotelbooking\model\User.java
C:\Users\Admin\Downloads\hotelbooking\hotelbooking\src\main\java\com\example\hotelbooking\repository\UserRepository.java
C:\Users\Admin\Downloads\hotelbooking\hotelbooking\src\main\java\com\example\hotelbooking\model\Category.java
C:\Users\Admin\Downloads\hotelbooking\hotelbooking\src\main\java\com\example\hotelbooking\model\Payment.java
